{"level":"info","message":"winston - info logged","timestamp":"2016-03-11T23:34:29.520Z"}
